Line 2: Stmt function reverseNumber = 3
Line 3: Expression 0
Line 4: Expression >
Line 4: Stmt while = 2
Line 5: Expression =
Line 6: Expression /=
Line 8: Expression reversedNum
Line 11: Stmt function main = 7
Line 15: Expression printf
Line 16: Expression scanf
Line 19: Expression <
Line 19: Stmt selection = 2
Line 20: Expression printf
Line 21: Expression 0
Line 25: Expression reverseNumber
Line 26: Expression ==
Line 26: Stmt selection = 1
Line 28: Stmt selection = 1
Line 27: Expression printf
Line 29: Expression printf
Line 32: Expression 0